// Jest Snapshot v1, https://goo.gl/fbAQLP

exports[`Component MainDiv Should render without crashing 1`] = `
<DocumentFragment>
  <div
    id="main"
  >
    <div
      class="blogDataError"
    >
      <p>
        Loading...
      </p>
    </div>
  </div>
</DocumentFragment>
`;
