// Jest Snapshot v1, https://goo.gl/fbAQLP

exports[`Component Card Shoud render without crashing 1`] = `
<DocumentFragment>
  <div
    class="card"
  >
    <div
      class="img"
    >
      <img
        alt="Image"
        class="cardImage"
        src="/Images/abstract.png"
      />
    </div>
    <div
      class="belowImage"
    >
      <div
        class="textBelowImage"
      >
        <p>
          2nd January, 2018
        </p>
        <p>
          2 mins
        </p>
      </div>
      <div
        class="title"
      >
        <h3>
          The future of abstract art and the culture ...
        </h3>
      </div>
      <div
        class="description"
      >
        <p>
          Create a blog post subtitle that summarizes your post in a few short, punchy sentences and entices your...
        </p>
      </div>
      <hr />
      <div
        class="reactions"
      >
        <div
          class="hands"
        >
          <button
            class="claps"
            data-testid="testClapButton"
          >
            <img
              alt="image"
              src="/Icons/clapping.svg"
            />
          </button>
          <p
            data-testid="claps"
          >
            10
          </p>
        </div>
        <div
          class="heart"
        >
          <button
            data-testid="testHeartButton"
          >
            <img
              alt="image"
              src="/Icons/heart-black.svg"
            />
          </button>
        </div>
      </div>
    </div>
  </div>
</DocumentFragment>
`;
